C51 COMPILER V7.20   BSP                                                                   04/10/2014 16:48:40 PAGE 1   


C51 COMPILER V7.20, COMPILATION OF MODULE BSP
OBJECT MODULE PLACED IN bsp.OBJ
COMPILER INVOKED BY: C:\Keil\C51\BIN\c51.exe bsp.c DB OE BR DF(SI1000MB_SI1000,FREQUENCY_BAND_434,TRANSCEIVER_OPERATION,
                    -FOUR_CHANNEL_IS_USED,EXTENDED_PACKET_FORMAT,TRACE_ENABLED) INCDIR(..\..\bsp;..\..\stack;c:\SiLabs\MCU_3\Inc)

line level    source

   1          
   2          
   3                          /* ======================================= *
   4                           *              I N C L U D E              *
   5                           * ======================================= */
   6          
   7          #include "bsp.h"
   8          
   9          
  10          
  11          #ifdef SPI_ENABLED
  12            #include "spi.c"
  13          #endif //SPI_ENABLED
  14          #ifdef TIMER_ENABLED
  15            #include "timer.c"
  16          #endif //TIMER_ENABLED
  17          #ifdef RTC_ENABLED
                #include "rtc.c"
              #endif //RTC_ENABLED
  20          #ifdef UART0_ENABLED
  21            #include "uart.c"
  22          #endif //UART0_ENABLED
  23          
  24          
  25          
  26          /*!
  27           * Radio revision support selector.
  28           * rev. B1 is the latest.
  29           */
  30          #ifndef B1_ONLY
                #include "si4431_const_a0.c"
                #include "si4432_const_v2.c"
              #endif //B1_ONLY
  34            #include "si443x_const_b1.c"
  35          
  36          
  37          /*!
  38           * Development Platform selector.
  39           */
  40          #ifdef SOFTWARE_DEVELOPMENT_BOARD
                #include "sdbc.c"
              #endif //SOFTWARE_DEVELOPMENT_BOARD
  43          #ifdef EZLINK_MODULE
                #include "ezlink.c"
              #endif //EZLINK_MODULE
  46          #ifdef SI1000_DAUGHTERCARD_SI1000_MOTHERBOARD
  47            #include "si1000mb.c"
  48          #endif //SI1000_DAUGHTERCARD_SI1000_MOTHERBOARD
  49          #ifdef SI1010_DAUGHTERCARD_SI1000_MOTHERBOARD
                #include "si1010mb.c"
              #endif //SI1010_DAUGHTERCARD_SI1000_MOTHERBOARD
  52          
  53          
  54          /*!
C51 COMPILER V7.20   BSP                                                                   04/10/2014 16:48:40 PAGE 2   

  55           * I/O selector.
  56           */
  57          #ifdef DOG_LCD_ENABLED
                #include "dog_glcd.c"
                #include "graphics.c"
              #endif //DOG_LCD_ENABLED
  61          
  62          
  63          
  64          
  65          


MODULE INFORMATION:   STATIC OVERLAYABLE
   CODE SIZE        =    907    ----
   CONSTANT SIZE    =     60    ----
   XDATA SIZE       =   ----    ----
   PDATA SIZE       =   ----    ----
   DATA SIZE        =      6      28
   IDATA SIZE       =   ----    ----
   BIT SIZE         =   ----    ----
END OF MODULE INFORMATION.


C51 COMPILATION COMPLETE.  0 WARNING(S),  0 ERROR(S)
