C51 COMPILER V7.20   MAIN                                                                  01/15/2014 19:23:23 PAGE 1   


C51 COMPILER V7.20, COMPILATION OF MODULE MAIN
OBJECT MODULE PLACED IN main.OBJ
COMPILER INVOKED BY: C:\Keil\C51\BIN\c51.exe main.c DB OE BR DF(SI1000MB_SI1000,FREQUENCY_BAND_434,TRANSCEIVER_OPERATION
                    -,FOUR_CHANNEL_IS_USED,EXTENDED_PACKET_FORMAT,PACKET_FORWARDING_SUPPORTED,TRACE_ENABLED) INCDIR(..\..\bsp;..\..\stack;c:\
                    -SiLabs\MCU_3\Inc)

line level    source

   1          /*!\file main.c
   2           * \brief P2P demo code on top of the EZMacPRO stack.
   3           *
   4           *
   5           * \n This software must be used in accordance with the End User License
   6           * \n Agreement.
   7           *
   8           * \b COPYRIGHT
   9           * \n Copyright 2012 Silicon Laboratories, Inc.
  10           * \n http://www.silabs.com
  11           */
  12          
  13          #include "..\..\common.h"
  14          #include "p2p_demo_fwd_node.h"
  15          
  16          #ifdef SDCC
              /*!
               * External startup function of SDCC. It performs operations prior static and
               * global variable initialisation. Watchdog timer should be disabled this way,
               * otherwise it can expire before variable initialisation is carried out, and
               * may prevent program execution jumping into main().
               */
              void _sdcc_external_startup(void)
              {
                  /* Disable Watchdog. */
                  DISABLE_WATCHDOG();
              }
              #endif //SDCC
  29          
  30          /*!
  31           * Interrupt prototypes should be placed in main.c per SDCC user guide.
  32           */
  33          INTERRUPT_PROTO(timerIntT3_ISR, INTERRUPT_TIMER3);
  34          INTERRUPT_PROTO(externalIntISR, INTERRUPT_INT0);
  35          
  36          /*!
  37           * Main function of the project.
  38           */
  39          void main(void)
  40          {
  41   1          /* Init demo. */
  42   1          StateMachine_Init();
  43   1      
  44   1          /* Loop until the universe breaks down. */
  45   1          while (1)
  46   1          {
  47   2              /* Run the State Machine. */
  48   2              StateMachine();
  49   2          }
  50   1      }


MODULE INFORMATION:   STATIC OVERLAYABLE
C51 COMPILER V7.20   MAIN                                                                  01/15/2014 19:23:23 PAGE 2   

   CODE SIZE        =      8    ----
   CONSTANT SIZE    =   ----    ----
   XDATA SIZE       =   ----    ----
   PDATA SIZE       =   ----    ----
   DATA SIZE        =   ----    ----
   IDATA SIZE       =   ----    ----
   BIT SIZE         =   ----    ----
END OF MODULE INFORMATION.


C51 COMPILATION COMPLETE.  0 WARNING(S),  0 ERROR(S)
